@!@!@STARTMSG 2262:0 @!@!@
Created by Apalache on Thu Aug 20 11:13:45 UTC 2026
@!@!@ENDMSG 2262 @!@!@
@!@!@STARTMSG 2110:1 @!@!@
Invariant is violated.
@!@!@ENDMSG 2110 @!@!@
@!@!@STARTMSG 2121:1 @!@!@
The behavior up to this point is:
@!@!@ENDMSG 2121 @!@!@
@!@!@STARTMSG 2217:4 @!@!@
1: <Initial predicate>
/\ log = <<>>
/\ opState = SetAsFun({ <<"cart", "unstarted">>, <<"shipping", "unstarted">> })
/\ ui = "idle"
/\ unhandled = FALSE

@!@!@ENDMSG 2217 @!@!@
@!@!@STARTMSG 2217:4 @!@!@
2: <Next>
/\ log = <<[kind |-> "start", op |-> "-"]>>
/\ opState = SetAsFun({ <<"cart", "pending">>, <<"shipping", "pending">> })
/\ ui = "loading"
/\ unhandled = FALSE

@!@!@ENDMSG 2217 @!@!@
@!@!@STARTMSG 2217:4 @!@!@
3: <Next>
/\ log = <<[kind |-> "start", op |-> "-"], [kind |-> "rejectBody", op |-> "cart"]>>
/\ opState = SetAsFun({ <<"cart", "bodyRejected">>, <<"shipping", "pending">> })
/\ ui = "error"
/\ unhandled = FALSE

@!@!@ENDMSG 2217 @!@!@
@!@!@STARTMSG 2217:4 @!@!@
4: <Next>
/\ log = <<
  [kind |-> "start", op |-> "-"], [kind |-> "rejectBody", op |-> "cart"], [kind |->
      "fulfil",
    op |-> "shipping"]
>>
/\ opState = SetAsFun({ <<"cart", "bodyRejected">>, <<"shipping", "fulfilled">> })
/\ ui = "error"
/\ unhandled = FALSE

@!@!@ENDMSG 2217 @!@!@
